[
  {
    "_links": {
      "test": {
        "href": "/api/something"
      }
    },
    "string-Property": "String Property 1"
  },
  {
    "_links": {
      "test": {
        "href": "/api/something"
      }
    },
    "string-Property": "String Property 2"
  },
  {
    "_links": {
      "test": {
        "href": "/api/something"
      }
    },
    "string-Property": "String Property 3"
  }
]