{
  "_links": {
    "curies": [
      {
        "name": "ord",
        "href": "/api/orders/{order-number}",
        "templated": true
      }
    ],
    "self": {
      "href": "/api/orders/ORDER123"
    }
  },
  "order-Id": "aa957846-2448-42dc-a1cb-90e9e399f57c",
  "customer-Name": "A B Systems",
  "order-Date": "2020-06-23T00:00:00",
  "order-Value": 6.5,
  "order-Number": "ORDER123",
  "_embedded": {
    "customer": {
      "_links": {
        "self": {
          "href": "/api/customers/A-B-Systems"
        }
      },
      "customer-Id": "ace2a06e-5fe5-44de-bdfc-aafc9c507dcc",
      "company-Name": "A-B-Systems",
      "primary-Phone-Number": "\u002B44787642628292",
      "primary-Contact": "Andy Brennan",
      "sector": {
        "SectorId": "030a522a-ef75-44f3-af61-62fa8fa655a9",
        "Name": "NuGet Making"
      }
    },
    "singular-order-line": {
      "_links": {
        "order": {
          "href": "/api/orders/ORDER123"
        },
        "parent": {
          "href": "/api/orders/ORDER123/order-lines"
        },
        "self": {
          "href": "/api/orders/ORDER123/order-lines/999cc766-5370-4d66-9aa8-6ae02787762c"
        }
      },
      "order-Line-Id": "999cc766-5370-4d66-9aa8-6ae02787762c",
      "product-Name": "Apple",
      "sku": "APP123",
      "quantity": 2,
      "line-Value": 1.0
    },
    "order-lines": [
      {
        "_links": {
          "order": {
            "href": "/api/orders/ORDER123"
          },
          "parent": {
            "href": "/api/orders/ORDER123/order-lines"
          },
          "self": {
            "href": "/api/orders/ORDER123/order-lines/999cc766-5370-4d66-9aa8-6ae02787762c"
          }
        },
        "order-Line-Id": "999cc766-5370-4d66-9aa8-6ae02787762c",
        "product-Name": "Apple",
        "sku": "APP123",
        "quantity": 2,
        "line-Value": 1.0
      },
      {
        "_links": {
          "order": {
            "href": "/api/orders/ORDER123"
          },
          "parent": {
            "href": "/api/orders/ORDER123/order-lines"
          },
          "self": {
            "href": "/api/orders/ORDER123/order-lines/950c1b91-38a3-413c-9d00-b886ea435943"
          }
        },
        "order-Line-Id": "950c1b91-38a3-413c-9d00-b886ea435943",
        "product-Name": "Orange",
        "sku": "ORA555",
        "quantity": 2,
        "line-Value": 1.5
      },
      {
        "_links": {
          "order": {
            "href": "/api/orders/ORDER123"
          },
          "parent": {
            "href": "/api/orders/ORDER123/order-lines"
          },
          "self": {
            "href": "/api/orders/ORDER123/order-lines/e258854b-9a6b-4ff0-86c2-a8fe2589d276"
          }
        },
        "order-Line-Id": "e258854b-9a6b-4ff0-86c2-a8fe2589d276",
        "product-Name": "Pear",
        "sku": "PER88",
        "quantity": 6,
        "line-Value": 3.0
      }
    ]
  }
}